ARM GAS  C:\Users\JV4K\AppData\Local\Temp\ccrgl4sD.s 			page 1


   1              		.cpu cortex-m4
   2              		.arch armv7e-m
   3              		.fpu fpv4-sp-d16
   4              		.eabi_attribute 27, 1
   5              		.eabi_attribute 28, 1
   6              		.eabi_attribute 20, 1
   7              		.eabi_attribute 21, 1
   8              		.eabi_attribute 23, 3
   9              		.eabi_attribute 24, 1
  10              		.eabi_attribute 25, 1
  11              		.eabi_attribute 26, 1
  12              		.eabi_attribute 30, 1
  13              		.eabi_attribute 34, 1
  14              		.eabi_attribute 18, 4
  15              		.file	"gpio.c"
  16              		.text
  17              	.Ltext0:
  18              		.cfi_sections	.debug_frame
  19              		.file 1 "Core/Src/gpio.c"
  20              		.section	.text.GPIOA_Init_Direct,"ax",%progbits
  21              		.align	1
  22              		.global	GPIOA_Init_Direct
  23              		.syntax unified
  24              		.thumb
  25              		.thumb_func
  27              	GPIOA_Init_Direct:
  28              	.LFB130:
   1:Core/Src/gpio.c **** #include "gpio.h"
   2:Core/Src/gpio.c **** 
   3:Core/Src/gpio.c **** void GPIOA_Init_Direct(void)
   4:Core/Src/gpio.c **** {
  29              		.loc 1 4 1 view -0
  30              		.cfi_startproc
  31              		@ args = 0, pretend = 0, frame = 0
  32              		@ frame_needed = 0, uses_anonymous_args = 0
  33              		@ link register save eliminated.
   5:Core/Src/gpio.c ****     *(uint32_t *)(0x40023800UL + 0x30UL) |= (1UL << 0); // GPIOA Clock enable
  34              		.loc 1 5 5 view .LVU1
  35 0000 104A     		ldr	r2, .L2
  36 0002 D2F83038 		ldr	r3, [r2, #2096]
  37              		.loc 1 5 42 is_stmt 0 view .LVU2
  38 0006 43F00103 		orr	r3, r3, #1
  39 000a C2F83038 		str	r3, [r2, #2096]
   6:Core/Src/gpio.c ****     *(uint32_t *)(0x40020000UL + 0x00UL) &= ~(0b11UL << 2); // Reset GPIOA MODER1
  40              		.loc 1 6 5 is_stmt 1 view .LVU3
  41 000e 0E4B     		ldr	r3, .L2+4
  42 0010 1A68     		ldr	r2, [r3]
  43              		.loc 1 6 42 is_stmt 0 view .LVU4
  44 0012 22F00C02 		bic	r2, r2, #12
  45 0016 1A60     		str	r2, [r3]
   7:Core/Src/gpio.c ****     *(uint32_t *)(0x40020000UL + 0x00UL) |= (0b01UL << 2);  // Set 01 (output mode)
  46              		.loc 1 7 5 is_stmt 1 view .LVU5
  47              		.loc 1 7 42 is_stmt 0 view .LVU6
  48 0018 42F00402 		orr	r2, r2, #4
  49 001c 1A60     		str	r2, [r3]
   8:Core/Src/gpio.c ****     *(uint32_t *)(0x40020000UL + 0x04UL) &= ~(1UL << 1);    // Reset Bit1 of GPIOA_OTYPER (push-pul
  50              		.loc 1 8 5 is_stmt 1 view .LVU7
ARM GAS  C:\Users\JV4K\AppData\Local\Temp\ccrgl4sD.s 			page 2


  51 001e 5A68     		ldr	r2, [r3, #4]
  52              		.loc 1 8 42 is_stmt 0 view .LVU8
  53 0020 22F00202 		bic	r2, r2, #2
  54 0024 5A60     		str	r2, [r3, #4]
   9:Core/Src/gpio.c ****     *(uint32_t *)(0x40020000UL + 0x08UL) &= ~(0b11UL << 2); // Reset bits 3 and 2 of GPIOA_OSPEEDR
  55              		.loc 1 9 5 is_stmt 1 view .LVU9
  56 0026 9A68     		ldr	r2, [r3, #8]
  57              		.loc 1 9 42 is_stmt 0 view .LVU10
  58 0028 22F00C02 		bic	r2, r2, #12
  59 002c 9A60     		str	r2, [r3, #8]
  10:Core/Src/gpio.c ****     *(uint32_t *)(0x40020000UL + 0x08UL) |= (0b01UL << 2);  // Set 01 (Medium speed)
  60              		.loc 1 10 5 is_stmt 1 view .LVU11
  61              		.loc 1 10 42 is_stmt 0 view .LVU12
  62 002e 42F00402 		orr	r2, r2, #4
  63 0032 9A60     		str	r2, [r3, #8]
  11:Core/Src/gpio.c ****     *(uint32_t *)(0x40020000UL + 0x0CUL) &= ~(0b11UL << 2); // Reset bits 3 and 2 of GPIOA_PUPDR
  64              		.loc 1 11 5 is_stmt 1 view .LVU13
  65 0034 DA68     		ldr	r2, [r3, #12]
  66              		.loc 1 11 42 is_stmt 0 view .LVU14
  67 0036 22F00C02 		bic	r2, r2, #12
  68 003a DA60     		str	r2, [r3, #12]
  12:Core/Src/gpio.c ****     *(uint32_t *)(0x40020000UL + 0x18UL) = (1UL << (1 + 16)); // Reset pin via GPIOA_BSRR
  69              		.loc 1 12 5 is_stmt 1 view .LVU15
  70              		.loc 1 12 42 is_stmt 0 view .LVU16
  71 003c 4FF40032 		mov	r2, #131072
  72 0040 9A61     		str	r2, [r3, #24]
  13:Core/Src/gpio.c **** }
  73              		.loc 1 13 1 view .LVU17
  74 0042 7047     		bx	lr
  75              	.L3:
  76              		.align	2
  77              	.L2:
  78 0044 00300240 		.word	1073885184
  79 0048 00000240 		.word	1073872896
  80              		.cfi_endproc
  81              	.LFE130:
  83              		.section	.text.GPIOB_Init_Macro,"ax",%progbits
  84              		.align	1
  85              		.global	GPIOB_Init_Macro
  86              		.syntax unified
  87              		.thumb
  88              		.thumb_func
  90              	GPIOB_Init_Macro:
  91              	.LFB131:
  14:Core/Src/gpio.c **** 
  15:Core/Src/gpio.c **** void GPIOB_Init_Macro(void) {
  92              		.loc 1 15 29 is_stmt 1 view -0
  93              		.cfi_startproc
  94              		@ args = 0, pretend = 0, frame = 0
  95              		@ frame_needed = 0, uses_anonymous_args = 0
  96              		@ link register save eliminated.
  16:Core/Src/gpio.c ****     MY_PERIPH_RCC_AHB1ENR |= MY_RCC_GPIOB_EN_BIT;
  97              		.loc 1 16 5 view .LVU19
  98 0000 164A     		ldr	r2, .L5
  99 0002 D2F83038 		ldr	r3, [r2, #2096]
 100              		.loc 1 16 27 is_stmt 0 view .LVU20
 101 0006 43F00203 		orr	r3, r3, #2
ARM GAS  C:\Users\JV4K\AppData\Local\Temp\ccrgl4sD.s 			page 3


 102 000a C2F83038 		str	r3, [r2, #2096]
  17:Core/Src/gpio.c ****     MY_PERIPH_GPIOB_MODER &= ~MY_PIN1_MODER_CLEAR_MASK;
 103              		.loc 1 17 5 is_stmt 1 view .LVU21
 104 000e 144B     		ldr	r3, .L5+4
 105 0010 D3F80024 		ldr	r2, [r3, #1024]
 106              		.loc 1 17 27 is_stmt 0 view .LVU22
 107 0014 22F00C02 		bic	r2, r2, #12
 108 0018 C3F80024 		str	r2, [r3, #1024]
  18:Core/Src/gpio.c ****     MY_PERIPH_GPIOB_MODER |= MY_PIN1_MODER_OUTPUT;
 109              		.loc 1 18 5 is_stmt 1 view .LVU23
 110 001c D3F80024 		ldr	r2, [r3, #1024]
 111              		.loc 1 18 27 is_stmt 0 view .LVU24
 112 0020 42F00402 		orr	r2, r2, #4
 113 0024 C3F80024 		str	r2, [r3, #1024]
  19:Core/Src/gpio.c ****     MY_PERIPH_GPIOB_OTYPER &= ~MY_PIN1_OTYPER_CLEAR_MASK;
 114              		.loc 1 19 5 is_stmt 1 view .LVU25
 115 0028 D3F80424 		ldr	r2, [r3, #1028]
 116              		.loc 1 19 28 is_stmt 0 view .LVU26
 117 002c 22F00202 		bic	r2, r2, #2
 118 0030 C3F80424 		str	r2, [r3, #1028]
  20:Core/Src/gpio.c ****     MY_PERIPH_GPIOB_OSPEEDR &= ~MY_PIN1_OSPEEDR_CLEAR_MASK;
 119              		.loc 1 20 5 is_stmt 1 view .LVU27
 120 0034 D3F80824 		ldr	r2, [r3, #1032]
 121              		.loc 1 20 29 is_stmt 0 view .LVU28
 122 0038 22F00C02 		bic	r2, r2, #12
 123 003c C3F80824 		str	r2, [r3, #1032]
  21:Core/Src/gpio.c ****     MY_PERIPH_GPIOB_OSPEEDR |= MY_PIN1_OSPEEDR_MEDIUM;
 124              		.loc 1 21 5 is_stmt 1 view .LVU29
 125 0040 D3F80824 		ldr	r2, [r3, #1032]
 126              		.loc 1 21 29 is_stmt 0 view .LVU30
 127 0044 42F00402 		orr	r2, r2, #4
 128 0048 C3F80824 		str	r2, [r3, #1032]
  22:Core/Src/gpio.c ****     MY_PERIPH_GPIOB_PUPDR &= ~MY_PIN1_PUPDR_CLEAR_MASK;
 129              		.loc 1 22 5 is_stmt 1 view .LVU31
 130 004c D3F80C24 		ldr	r2, [r3, #1036]
 131              		.loc 1 22 27 is_stmt 0 view .LVU32
 132 0050 22F00C02 		bic	r2, r2, #12
 133 0054 C3F80C24 		str	r2, [r3, #1036]
  23:Core/Src/gpio.c **** }
 134              		.loc 1 23 1 view .LVU33
 135 0058 7047     		bx	lr
 136              	.L6:
 137 005a 00BF     		.align	2
 138              	.L5:
 139 005c 00300240 		.word	1073885184
 140 0060 00000240 		.word	1073872896
 141              		.cfi_endproc
 142              	.LFE131:
 144              		.section	.text.GPIOC_Init_CMSIS,"ax",%progbits
 145              		.align	1
 146              		.global	GPIOC_Init_CMSIS
 147              		.syntax unified
 148              		.thumb
 149              		.thumb_func
 151              	GPIOC_Init_CMSIS:
 152              	.LFB132:
  24:Core/Src/gpio.c **** 
ARM GAS  C:\Users\JV4K\AppData\Local\Temp\ccrgl4sD.s 			page 4


  25:Core/Src/gpio.c **** void GPIOC_Init_CMSIS(void) {
 153              		.loc 1 25 29 is_stmt 1 view -0
 154              		.cfi_startproc
 155              		@ args = 0, pretend = 0, frame = 0
 156              		@ frame_needed = 0, uses_anonymous_args = 0
 157              		@ link register save eliminated.
  26:Core/Src/gpio.c ****     SET_BIT(RCC->AHB1ENR, RCC_AHB1ENR_GPIOCEN);
 158              		.loc 1 26 5 view .LVU35
 159 0000 134A     		ldr	r2, .L8
 160 0002 136B     		ldr	r3, [r2, #48]
 161 0004 43F00403 		orr	r3, r3, #4
 162 0008 1363     		str	r3, [r2, #48]
  27:Core/Src/gpio.c ****     CLEAR_BIT(GPIOC->MODER, GPIO_MODER_MODER0_Msk | GPIO_MODER_MODER1_Msk);
 163              		.loc 1 27 5 view .LVU36
 164 000a 124B     		ldr	r3, .L8+4
 165 000c 1A68     		ldr	r2, [r3]
 166 000e 22F00F02 		bic	r2, r2, #15
 167 0012 1A60     		str	r2, [r3]
  28:Core/Src/gpio.c ****     CLEAR_BIT(GPIOC->PUPDR, GPIO_PUPDR_PUPD0_Msk | GPIO_PUPDR_PUPD1_Msk);
 168              		.loc 1 28 5 view .LVU37
 169 0014 DA68     		ldr	r2, [r3, #12]
 170 0016 22F00F02 		bic	r2, r2, #15
 171 001a DA60     		str	r2, [r3, #12]
  29:Core/Src/gpio.c ****     CLEAR_BIT(GPIOC->MODER, GPIO_MODER_MODER2_Msk);
 172              		.loc 1 29 5 view .LVU38
 173 001c 1A68     		ldr	r2, [r3]
 174 001e 22F03002 		bic	r2, r2, #48
 175 0022 1A60     		str	r2, [r3]
  30:Core/Src/gpio.c ****     SET_BIT(GPIOC->MODER, GPIO_MODER_MODER2_0);
 176              		.loc 1 30 5 view .LVU39
 177 0024 1A68     		ldr	r2, [r3]
 178 0026 42F01002 		orr	r2, r2, #16
 179 002a 1A60     		str	r2, [r3]
  31:Core/Src/gpio.c ****     CLEAR_BIT(GPIOC->OTYPER, GPIO_OTYPER_OT2_Msk); 
 180              		.loc 1 31 5 view .LVU40
 181 002c 5A68     		ldr	r2, [r3, #4]
 182 002e 22F00402 		bic	r2, r2, #4
 183 0032 5A60     		str	r2, [r3, #4]
  32:Core/Src/gpio.c ****     CLEAR_BIT(GPIOC->PUPDR, GPIO_PUPDR_PUPD2_Msk);
 184              		.loc 1 32 5 view .LVU41
 185 0034 DA68     		ldr	r2, [r3, #12]
 186 0036 22F03002 		bic	r2, r2, #48
 187 003a DA60     		str	r2, [r3, #12]
  33:Core/Src/gpio.c ****     CLEAR_BIT(GPIOC->OSPEEDR, GPIO_OSPEEDR_OSPEED2_Msk);
 188              		.loc 1 33 5 view .LVU42
 189 003c 9A68     		ldr	r2, [r3, #8]
 190 003e 22F03002 		bic	r2, r2, #48
 191 0042 9A60     		str	r2, [r3, #8]
  34:Core/Src/gpio.c ****     SET_BIT(GPIOC->OSPEEDR, GPIO_OSPEEDR_OSPEED2_0);
 192              		.loc 1 34 5 view .LVU43
 193 0044 9A68     		ldr	r2, [r3, #8]
 194 0046 42F01002 		orr	r2, r2, #16
 195 004a 9A60     		str	r2, [r3, #8]
  35:Core/Src/gpio.c **** }...
 196              		.loc 1 35 1 is_stmt 0 view .LVU44
 197 004c 7047     		bx	lr
 198              	.L9:
ARM GAS  C:\Users\JV4K\AppData\Local\Temp\ccrgl4sD.s 			page 5


 199 004e 00BF     		.align	2
 200              	.L8:
 201 0050 00380240 		.word	1073887232
 202 0054 00080240 		.word	1073874944
 203              		.cfi_endproc
 204              	.LFE132:
 206              		.text
 207              	.Letext0:
 208              		.file 2 "C:/ST_toolchain/xpack-arm-none-eabi-gcc-13.2.1-1.1/arm-none-eabi/include/machine/_default
 209              		.file 3 "C:/ST_toolchain/xpack-arm-none-eabi-gcc-13.2.1-1.1/arm-none-eabi/include/sys/_stdint.h"
 210              		.file 4 "CMSIS/Devices/STM32F4xx/Inc/STM32F407xx/stm32f407xx.h"
ARM GAS  C:\Users\JV4K\AppData\Local\Temp\ccrgl4sD.s 			page 6


DEFINED SYMBOLS
                            *ABS*:00000000 gpio.c
C:\Users\JV4K\AppData\Local\Temp\ccrgl4sD.s:21     .text.GPIOA_Init_Direct:00000000 $t
C:\Users\JV4K\AppData\Local\Temp\ccrgl4sD.s:27     .text.GPIOA_Init_Direct:00000000 GPIOA_Init_Direct
C:\Users\JV4K\AppData\Local\Temp\ccrgl4sD.s:78     .text.GPIOA_Init_Direct:00000044 $d
C:\Users\JV4K\AppData\Local\Temp\ccrgl4sD.s:84     .text.GPIOB_Init_Macro:00000000 $t
C:\Users\JV4K\AppData\Local\Temp\ccrgl4sD.s:90     .text.GPIOB_Init_Macro:00000000 GPIOB_Init_Macro
C:\Users\JV4K\AppData\Local\Temp\ccrgl4sD.s:139    .text.GPIOB_Init_Macro:0000005c $d
C:\Users\JV4K\AppData\Local\Temp\ccrgl4sD.s:145    .text.GPIOC_Init_CMSIS:00000000 $t
C:\Users\JV4K\AppData\Local\Temp\ccrgl4sD.s:151    .text.GPIOC_Init_CMSIS:00000000 GPIOC_Init_CMSIS
C:\Users\JV4K\AppData\Local\Temp\ccrgl4sD.s:201    .text.GPIOC_Init_CMSIS:00000050 $d

NO UNDEFINED SYMBOLS
